// Jest Snapshot v1, https://goo.gl/fbAQLP

exports[`Home Component renders succesfully 1`] = `
<h1>
  Financial Data For Every Need
</h1>
`;
